---
source: crates/resolver/tests/ingot_graph.rs
expression: "format!(\"{:#?}\\n{:#?}\", ingot_graph, resolver.take_diagnostics())"
---
Graph {
    Ty: "Directed",
    node_count: 5,
    edge_count: 6,
    edges: (0, 1), (1, 2), (1, 3), (3, 0), (0, 4), (4, 1),
    node weights: {
        0: "/home/grantwuerker/workshop/fe/crates/resolver/fixtures/ingots/A",
        1: "/home/grantwuerker/workshop/fe/crates/resolver/fixtures/ingots/C",
        2: "/home/grantwuerker/workshop/fe/crates/resolver/fixtures/ingots/E",
        3: "/home/grantwuerker/workshop/fe/crates/resolver/fixtures/ingots/D",
        4: "/home/grantwuerker/workshop/fe/crates/resolver/fixtures/ingots/B",
    },
}
[]
