---
source: crates/analyzer/tests/analysis.rs
expression: "build_snapshot(\"features/return_u256_from_called_fn.fe\", &src, module, &db)"

---
note: 
  ┌─ features/return_u256_from_called_fn.fe:4:5
  │  
4 │ ╭     pub fn bar(self) -> u256:
5 │ │         return foo()
  │ ╰────────────────────^ attributes hash: 16482263331346774611
  │  
  = FunctionSignature {
        self_decl: Mutable,
        params: [],
        return_type: Ok(
            Base(
                Numeric(
                    U256,
                ),
            ),
        ),
    }

note: 
  ┌─ features/return_u256_from_called_fn.fe:7:5
  │  
7 │ ╭     pub fn foo() -> u256:
8 │ │         return 42
  │ ╰─────────────────^ attributes hash: 17979516652885443340
  │  
  = FunctionSignature {
        self_decl: None,
        params: [],
        return_type: Ok(
            Base(
                Numeric(
                    U256,
                ),
            ),
        ),
    }

note: 
  ┌─ features/return_u256_from_called_fn.fe:5:16
  │
5 │         return foo()
  │                ^^^^^ u256: Value => None

note: 
  ┌─ features/return_u256_from_called_fn.fe:8:16
  │
8 │         return 42
  │                ^^ u256: Value => None

note: 
  ┌─ features/return_u256_from_called_fn.fe:5:16
  │
5 │         return foo()
  │                ^^^ attributes hash: 5348760640954559882
  │
  = PureFunction(
        FunctionId(
            1,
        ),
    )


