---
source: crates/analyzer/tests/errors.rs
expression: "error_string(&path, &src)"

---
error: duplicate type name
  ┌─ compile_errors/duplicate_contract_in_module.fe:1:10
  │
1 │ contract Foo:
  │          ^^^ `Foo` first defined here
  ·
6 │ contract Foo:
  │          --- `Foo` redefined here


