---
source: crates/analyzer/tests/errors.rs
expression: "error_string(&path, &src)"

---
error: duplicate type name
  ┌─ compile_errors/duplicate_struct_in_module.fe:1:8
  │
1 │ struct MyStruct:
  │        ^^^^^^^^ `MyStruct` first defined here
  ·
4 │ struct MyStruct:
  │        -------- `MyStruct` redefined here


