---
source: crates/parser/tests/cases/parse_ast.rs
expression: "ast_string(stringify!(type_generic), types::parse_type_desc,\n           \"foo<a, b<c>, d[10]>\")"

---
Node(
  kind: Generic(
    base: Node(
      kind: "foo",
      span: Span(
        start: 0,
        end: 3,
      ),
    ),
    args: Node(
      kind: [
        TypeDesc(Node(
          kind: Base(
            base: "a",
          ),
          span: Span(
            start: 4,
            end: 5,
          ),
        )),
        TypeDesc(Node(
          kind: Generic(
            base: Node(
              kind: "b",
              span: Span(
                start: 7,
                end: 8,
              ),
            ),
            args: Node(
              kind: [
                TypeDesc(Node(
                  kind: Base(
                    base: "c",
                  ),
                  span: Span(
                    start: 9,
                    end: 10,
                  ),
                )),
              ],
              span: Span(
                start: 8,
                end: 11,
              ),
            ),
          ),
          span: Span(
            start: 7,
            end: 11,
          ),
        )),
        TypeDesc(Node(
          kind: Array(
            typ: Node(
              kind: Base(
                base: "d",
              ),
              span: Span(
                start: 13,
                end: 14,
              ),
            ),
            dimension: 10,
          ),
          span: Span(
            start: 13,
            end: 18,
          ),
        )),
      ],
      span: Span(
        start: 3,
        end: 19,
      ),
    ),
  ),
  span: Span(
    start: 0,
    end: 19,
  ),
)
