---
source: crates/parser/tests/cases/errors.rs
expression: "err_string(stringify!(contract_bad_name), contracts::parse_contract_def, true,\n           \"contract 1X:\\n x: u8\")"

---
error: failed to parse contract definition
  ┌─ contract_bad_name:1:10
  │
1 │ contract 1X:
  │          ^ Unexpected token. Expected a name
  │
  = Note: `contract` must be followed by a name, which must start with a letter and contain only letters, numbers, or underscores


