---
source: crates/parser/tests/cases/parse_ast.rs
expression: "ast_string(stringify!(empty_event_def), types::parse_event_def,\n           \"event Foo:\\n  pass\")"

---
Node(
  kind: Event(
    name: Node(
      kind: "Foo",
      span: Span(
        start: 6,
        end: 9,
      ),
    ),
    fields: [],
  ),
  span: Span(
    start: 0,
    end: 9,
  ),
)
