---
source: crates/parser/tests/cases/errors.rs
expression: "err_string(stringify!(expr_dotted_number), expressions::parse_expr, true,\n           \"3.14\")"

---
error: failed to parse attribute expression
  ┌─ expr_dotted_number:1:3
  │
1 │ 3.14
  │   ^^ expected a name


