---
source: crates/parser/tests/cases/errors.rs
expression: "err_string(stringify!(contract_const_fn), contracts::parse_contract_def,\n           false, \"contract C:\\n const fn f():\\n  pass\")"

---
error: `const` qualifier can't be used with function definitions
  ┌─ contract_const_fn:2:2
  │
2 │  const fn f():
  │  ^^^^^


