---
source: crates/parser/tests/cases/parse_ast.rs
expression: "ast_string(stringify!(module_stmts), module::parse_module,\n           r#\"\npragma 0.5.0\n\nuse foo::bar::{\n    bing as bong,\n    food::*\n}\n\ntype X = Map<u8, u16>\n\ncontract A:\n    pub const x: u256 = 10\n\ncontract B:\n    pub x: X\n\"#)"

---
Node(
  kind: Module(
    body: [
      Pragma(Node(
        kind: Pragma(
          version_requirement: Node(
            kind: "0.5.0",
            span: Span(
              start: 8,
              end: 13,
            ),
          ),
        ),
        span: Span(
          start: 1,
          end: 13,
        ),
      )),
      Use(Node(
        kind: Use(
          tree: Node(
            kind: Nested(
              prefix: Node(
                kind: Path(
                  names: [
                    Node(
                      kind: "foo",
                      span: Span(
                        start: 19,
                        end: 22,
                      ),
                    ),
                    Node(
                      kind: "bar",
                      span: Span(
                        start: 24,
                        end: 27,
                      ),
                    ),
                  ],
                  trailing_delim: true,
                ),
                span: Span(
                  start: 19,
                  end: 29,
                ),
              ),
              children: [
                Node(
                  kind: Simple(
                    path: Node(
                      kind: Path(
                        names: [
                          Node(
                            kind: "bing",
                            span: Span(
                              start: 35,
                              end: 39,
                            ),
                          ),
                        ],
                        trailing_delim: false,
                      ),
                      span: Span(
                        start: 35,
                        end: 39,
                      ),
                    ),
                    rename: Some(Node(
                      kind: "bong",
                      span: Span(
                        start: 43,
                        end: 47,
                      ),
                    )),
                  ),
                  span: Span(
                    start: 35,
                    end: 47,
                  ),
                ),
                Node(
                  kind: Glob(
                    prefix: Node(
                      kind: Path(
                        names: [
                          Node(
                            kind: "food",
                            span: Span(
                              start: 53,
                              end: 57,
                            ),
                          ),
                        ],
                        trailing_delim: true,
                      ),
                      span: Span(
                        start: 53,
                        end: 59,
                      ),
                    ),
                  ),
                  span: Span(
                    start: 53,
                    end: 59,
                  ),
                ),
              ],
            ),
            span: Span(
              start: 61,
              end: 62,
            ),
          ),
        ),
        span: Span(
          start: 15,
          end: 62,
        ),
      )),
      TypeAlias(Node(
        kind: TypeAlias(
          name: Node(
            kind: "X",
            span: Span(
              start: 69,
              end: 70,
            ),
          ),
          typ: Node(
            kind: Generic(
              base: Node(
                kind: "Map",
                span: Span(
                  start: 73,
                  end: 76,
                ),
              ),
              args: Node(
                kind: [
                  TypeDesc(Node(
                    kind: Base(
                      base: "u8",
                    ),
                    span: Span(
                      start: 77,
                      end: 79,
                    ),
                  )),
                  TypeDesc(Node(
                    kind: Base(
                      base: "u16",
                    ),
                    span: Span(
                      start: 81,
                      end: 84,
                    ),
                  )),
                ],
                span: Span(
                  start: 76,
                  end: 85,
                ),
              ),
            ),
            span: Span(
              start: 73,
              end: 85,
            ),
          ),
        ),
        span: Span(
          start: 64,
          end: 85,
        ),
      )),
      Contract(Node(
        kind: Contract(
          name: Node(
            kind: "A",
            span: Span(
              start: 96,
              end: 97,
            ),
          ),
          fields: [
            Node(
              kind: Field(
                is_pub: true,
                is_const: true,
                name: Node(
                  kind: "x",
                  span: Span(
                    start: 113,
                    end: 114,
                  ),
                ),
                typ: Node(
                  kind: Base(
                    base: "u256",
                  ),
                  span: Span(
                    start: 116,
                    end: 120,
                  ),
                ),
                value: Some(Node(
                  kind: Num("10"),
                  span: Span(
                    start: 123,
                    end: 125,
                  ),
                )),
              ),
              span: Span(
                start: 103,
                end: 120,
              ),
            ),
          ],
          body: [],
        ),
        span: Span(
          start: 87,
          end: 120,
        ),
      )),
      Contract(Node(
        kind: Contract(
          name: Node(
            kind: "B",
            span: Span(
              start: 136,
              end: 137,
            ),
          ),
          fields: [
            Node(
              kind: Field(
                is_pub: true,
                is_const: false,
                name: Node(
                  kind: "x",
                  span: Span(
                    start: 147,
                    end: 148,
                  ),
                ),
                typ: Node(
                  kind: Base(
                    base: "X",
                  ),
                  span: Span(
                    start: 150,
                    end: 151,
                  ),
                ),
                value: None,
              ),
              span: Span(
                start: 143,
                end: 151,
              ),
            ),
          ],
          body: [],
        ),
        span: Span(
          start: 127,
          end: 151,
        ),
      )),
    ],
  ),
  span: Span(
    start: 0,
    end: 151,
  ),
)
