---
source: crates/parser/tests/cases/errors.rs
expression: "err_string(stringify!(contract_const_pub), contracts::parse_contract_def,\n           false, \"contract C:\\n const pub x: u8\")"

---
error: `const pub` should be written `pub const`
  ┌─ contract_const_pub:2:2
  │
2 │  const pub x: u8
  │  ^^^^^^^^^


